// Jest Snapshot v1, https://goo.gl/fbAQLP

exports[`<Home /> should render home 1`] = `
<ContextConsumer>
  <Component />
</ContextConsumer>
`;
