// Jest Snapshot v1, https://goo.gl/fbAQLP

exports[`<Navbar /> should render navbar 1`] = `
<NavBar
  classes={
    Object {
      "header": "NavBar-header-1",
    }
  }
/>
`;
